C51 COMPILER V9.00   LCD2                                                                  02/13/2020 10:08:50 PAGE 1   


C51 COMPILER V9.00, COMPILATION OF MODULE LCD2
OBJECT MODULE PLACED IN lcd2.OBJ
COMPILER INVOKED BY: C:\Keil\C51\BIN\C51.EXE lcd2.c BROWSE DEBUG OBJECTEXTEND

line level    source

   1          #include<reg51.h>
   2          //////////// PIN DEFINED ///////////////
   3          #define KEYPAD_PORT  P0
   4          #define DATA P1
   5          //control port2
   6          sbit RS=P2^0;
   7          sbit E=P2^1;
   8          
   9          #include"delay.h"
  10          #include"lcd.h"
  11          #include"keypad.h"
  12          
  13          void main(void)
  14          {
  15   1        unsigned char key;
  16   1        init_lcd();                           //lcd init.
  17   1        cmd_lcd(0x80);                        //Set curser position
  18   1        string_lcd("Press key : ");        //Display string
  19   1        while(1)
  20   1        {
  21   2              cmd_lcd(0xc0);
  22   2              key = keyscan();                        //Scan keypad
  23   2              data_lcd(key);                                //Display pressed key on lcd
  24   2        }
  25   1      }


MODULE INFORMATION:   STATIC OVERLAYABLE
   CODE SIZE        =    383    ----
   CONSTANT SIZE    =     13    ----
   XDATA SIZE       =   ----    ----
   PDATA SIZE       =   ----    ----
   DATA SIZE        =   ----    ----
   IDATA SIZE       =   ----    ----
   BIT SIZE         =   ----    ----
END OF MODULE INFORMATION.


C51 COMPILATION COMPLETE.  0 WARNING(S),  0 ERROR(S)
